============================= test session starts =============================
platform win32 -- Python 3.12.7, pytest-9.0.1, pluggy-1.6.0 -- C:\Users\Dell\anaconda3\python.exe
cachedir: .pytest_cache
rootdir: C:\Users\Dell\Downloads\adk_training\tutorial_implementation\tutorial37
configfile: pyproject.toml
plugins: anyio-4.12.0, asyncio-1.3.0, cov-7.0.0
asyncio: mode=Mode.STRICT, debug=False, asyncio_default_fixture_loop_scope=None, asyncio_default_test_loop_scope=function
collecting ... collected 0 items / 1 error

=================================== ERRORS ====================================
_____________________ ERROR collecting tests/test_core.py _____________________
ImportError while importing test module 'C:\Users\Dell\Downloads\adk_training\tutorial_implementation\tutorial37\tests\test_core.py'.
Hint: make sure your test modules/packages have valid Python names.
Traceback:
..\..\..\..\anaconda3\Lib\site-packages\_pytest\python.py:507: in importtestmodule
    mod = import_path(
..\..\..\..\anaconda3\Lib\site-packages\_pytest\pathlib.py:587: in import_path
    importlib.import_module(module_name)
..\..\..\..\anaconda3\Lib\importlib\__init__.py:90: in import_module
    return _bootstrap._gcd_import(name[level:], package, level)
           ^^^^^^^^^^^^^^^^^^^^^^^^^^^^^^^^^^^^^^^^^^^^^^^^^^^^
<frozen importlib._bootstrap>:1387: in _gcd_import
    ???
<frozen importlib._bootstrap>:1360: in _find_and_load
    ???
<frozen importlib._bootstrap>:1331: in _find_and_load_unlocked
    ???
<frozen importlib._bootstrap>:935: in _load_unlocked
    ???
..\..\..\..\anaconda3\Lib\site-packages\_pytest\assertion\rewrite.py:197: in exec_module
    exec(co, module.__dict__)
tests\test_core.py:9: in <module>
    from policy_navigator.metadata import MetadataSchema, PolicyDepartment, PolicyType
E   ModuleNotFoundError: No module named 'policy_navigator'
=========================== short test summary info ===========================
ERROR tests/test_core.py
!!!!!!!!!!!!!!!!!!! Interrupted: 1 error during collection !!!!!!!!!!!!!!!!!!!!
============================== 1 error in 0.58s ===============================
